Testing Genius-Lyrics library integration...
Searching for "Bohemian Rhapsody"...
node : ERROR: Test 
failed.
At line:1 char:1
+ node 
test_genius_library.js 
> test_output.txt 2>&1
+ ~~~~~~~~~~~~~~~~~~~~~~
~~~~~~~~~~~~~~~~~~~~~~~~
~~~~
    + CategoryInfo      
        : NotSpecified  
  : (ERROR: Test fail   
 ed.:String) [], Rem    
oteException
    + FullyQualifiedErr 
   orId : NativeComman  
  dError
 
Error: 
GENIUS_ACCESS_TOKEN is 
not configured in the 
environment.
    at GeniusService.sea
rchSongs (D:\PC\ember\sr
c\services\genius.js:10:
19)
    at GeniusService.sea
rchSong (D:\PC\ember\src
\services\genius.js:32:3
4)
    at testLibrary (D:\P
C\ember\test_genius_libr
ary.js:9:42)
    at 
Object.<anonymous> (D:\P
C\ember\test_genius_libr
ary.js:34:1)
    at Module._compile (
node:internal/modules/cj
s/loader:1706:14)
    at Object..js (node:
internal/modules/cjs/loa
der:1839:10)
    at Module.load (node
:internal/modules/cjs/lo
ader:1441:32)
    at Function._load (n
ode:internal/modules/cjs
/loader:1263:12)
    at TracingChannel.tr
aceSync (node:diagnostic
s_channel:322:14)
    at wrapModuleLoad (n
ode:internal/modules/cjs
/loader:237:24)
